Flow report for ele432project_vga
Tue May 19 17:23:50 2026
Quartus Prime Version 25.1std.0 Build 1129 10/21/2025 SC Lite Edition


---------------------
; Table of Contents ;
---------------------
  1. Legal Notice
  2. Flow Summary
  3. Flow Settings
  4. Flow Non-Default Global Settings
  5. Flow Elapsed Time
  6. Flow OS Summary
  7. Flow Log
  8. Flow Messages
  9. Flow Suppressed Messages



----------------
; Legal Notice ;
----------------
Copyright (C) 2025  Altera Corporation. All rights reserved.
Your use of Altera Corporation's design tools, logic functions 
and other software and tools, and any partner logic 
functions, and any output files from any of the foregoing 
(including device programming or simulation files), and any 
associated documentation or information are expressly subject 
to the terms and conditions of the Altera Program License 
Subscription Agreement, the Altera Quartus Prime License Agreement,
the Altera IP License Agreement, or other applicable license
agreement, including, without limitation, that your use is for
the sole purpose of programming logic devices manufactured by
Altera and sold by Altera or its authorized distributors.  Please
refer to the Altera Software License Subscription Agreements 
on the Quartus Prime software download page.



+-----------------------------------------------------------------------------------+
; Flow Summary                                                                      ;
+---------------------------------+-------------------------------------------------+
; Flow Status                     ; Successful - Tue May 19 17:23:50 2026           ;
; Quartus Prime Version           ; 25.1std.0 Build 1129 10/21/2025 SC Lite Edition ;
; Revision Name                   ; ele432project_vga                               ;
; Top-level Entity Name           ; game_top                                        ;
; Family                          ; Cyclone V                                       ;
; Device                          ; 5CSEMA5F31C6                                    ;
; Timing Models                   ; Final                                           ;
; Logic utilization (in ALMs)     ; 4,878 / 32,070 ( 15 % )                         ;
; Total registers                 ; 1838                                            ;
; Total pins                      ; 74 / 457 ( 16 % )                               ;
; Total virtual pins              ; 0                                               ;
; Total block memory bits         ; 8,192 / 4,065,280 ( < 1 % )                     ;
; Total DSP Blocks                ; 17 / 87 ( 20 % )                                ;
; Total HSSI RX PCSs              ; 0                                               ;
; Total HSSI PMA RX Deserializers ; 0                                               ;
; Total HSSI TX PCSs              ; 0                                               ;
; Total HSSI PMA TX Serializers   ; 0                                               ;
; Total PLLs                      ; 1 / 6 ( 17 % )                                  ;
; Total DLLs                      ; 0 / 4 ( 0 % )                                   ;
+---------------------------------+-------------------------------------------------+


+-----------------------------------------+
; Flow Settings                           ;
+-------------------+---------------------+
; Option            ; Setting             ;
+-------------------+---------------------+
; Start date & time ; 05/19/2026 17:19:08 ;
; Main task         ; Compilation         ;
; Revision Name     ; ele432project_vga   ;
+-------------------+---------------------+


+----------------------------------------------------------------------------------------------------------------------------------------------------+
; Flow Non-Default Global Settings                                                                                                                   ;
+-------------------------------------+----------------------------------------+-------------------+-------------+-----------------------------------+
; Assignment Name                     ; Value                                  ; Default Value     ; Entity Name ; Section Id                        ;
+-------------------------------------+----------------------------------------+-------------------+-------------+-----------------------------------+
; COMPILER_SIGNATURE_ID               ; 1095234573352.177920034816372          ; --                ; --          ; --                                ;
; EDA_GENERATE_FUNCTIONAL_NETLIST     ; Off                                    ; --                ; --          ; eda_board_design_timing           ;
; EDA_GENERATE_FUNCTIONAL_NETLIST     ; Off                                    ; --                ; --          ; eda_board_design_boundary_scan    ;
; EDA_GENERATE_FUNCTIONAL_NETLIST     ; Off                                    ; --                ; --          ; eda_board_design_signal_integrity ;
; EDA_GENERATE_FUNCTIONAL_NETLIST     ; Off                                    ; --                ; --          ; eda_board_design_symbol           ;
; EDA_OUTPUT_DATA_FORMAT              ; Systemverilog Hdl                      ; --                ; --          ; eda_simulation                    ;
; EDA_SIMULATION_TOOL                 ; Questa Altera FPGA (SystemVerilog)     ; <None>            ; --          ; --                                ;
; EDA_TIME_SCALE                      ; 1 ps                                   ; --                ; --          ; eda_simulation                    ;
; MAX_CORE_JUNCTION_TEMP              ; 85                                     ; --                ; --          ; --                                ;
; MIN_CORE_JUNCTION_TEMP              ; 0                                      ; --                ; --          ; --                                ;
; MISC_FILE                           ; vga_pll.cmp                            ; --                ; --          ; --                                ;
; MISC_FILE                           ; vga_pll_sim/vga_pll.vo                 ; --                ; --          ; --                                ;
; NUM_PARALLEL_PROCESSORS             ; All                                    ; --                ; --          ; --                                ;
; PARTITION_COLOR                     ; -- (Not supported for targeted family) ; --                ; game_top    ; Top                               ;
; PARTITION_FITTER_PRESERVATION_LEVEL ; -- (Not supported for targeted family) ; --                ; game_top    ; Top                               ;
; PARTITION_NETLIST_TYPE              ; -- (Not supported for targeted family) ; --                ; game_top    ; Top                               ;
; POWER_BOARD_THERMAL_MODEL           ; None (CONSERVATIVE)                    ; --                ; --          ; --                                ;
; POWER_PRESET_COOLING_SOLUTION       ; 23 MM HEAT SINK WITH 200 LFPM AIRFLOW  ; --                ; --          ; --                                ;
; PROJECT_OUTPUT_DIRECTORY            ; output_files                           ; --                ; --          ; --                                ;
; SPD_FILE                            ; vga_pll.spd                            ; --                ; --          ; --                                ;
; SYNTHESIS_ONLY_QIP                  ; On                                     ; --                ; --          ; --                                ;
; TOP_LEVEL_ENTITY                    ; game_top                               ; ele432project_vga ; --          ; --                                ;
+-------------------------------------+----------------------------------------+-------------------+-------------+-----------------------------------+


+--------------------------------------------------------------------------------------------------------------------------+
; Flow Elapsed Time                                                                                                        ;
+----------------------+--------------+-------------------------+---------------------+------------------------------------+
; Module Name          ; Elapsed Time ; Average Processors Used ; Peak Virtual Memory ; Total CPU Time (on all processors) ;
+----------------------+--------------+-------------------------+---------------------+------------------------------------+
; Analysis & Synthesis ; 00:01:03     ; 1.0                     ; 5109 MB             ; 00:01:12                           ;
; Fitter               ; 00:03:17     ; 1.1                     ; 7204 MB             ; 00:13:02                           ;
; Assembler            ; 00:00:05     ; 1.0                     ; 5304 MB             ; 00:00:06                           ;
; Timing Analyzer      ; 00:00:08     ; 3.1                     ; 5536 MB             ; 00:00:23                           ;
; EDA Netlist Writer   ; 00:00:02     ; 1.0                     ; 4954 MB             ; 00:00:02                           ;
; Total                ; 00:04:35     ; --                      ; --                  ; 00:14:45                           ;
+----------------------+--------------+-------------------------+---------------------+------------------------------------+


+-------------------------------------------------------------------------------------+
; Flow OS Summary                                                                     ;
+----------------------+-------------------+------------+------------+----------------+
; Module Name          ; Machine Hostname  ; OS Name    ; OS Version ; Processor type ;
+----------------------+-------------------+------------+------------+----------------+
; Analysis & Synthesis ; EgemenCelikLaptop ; Windows 10 ; 10.0       ; x86_64         ;
; Fitter               ; EgemenCelikLaptop ; Windows 10 ; 10.0       ; x86_64         ;
; Assembler            ; EgemenCelikLaptop ; Windows 10 ; 10.0       ; x86_64         ;
; Timing Analyzer      ; EgemenCelikLaptop ; Windows 10 ; 10.0       ; x86_64         ;
; EDA Netlist Writer   ; EgemenCelikLaptop ; Windows 10 ; 10.0       ; x86_64         ;
+----------------------+-------------------+------------+------------+----------------+


------------
; Flow Log ;
------------
quartus_map --read_settings_files=on --write_settings_files=off ele432project_vga -c ele432project_vga
quartus_fit --read_settings_files=off --write_settings_files=off ele432project_vga -c ele432project_vga
quartus_asm --read_settings_files=off --write_settings_files=off ele432project_vga -c ele432project_vga
quartus_sta ele432project_vga -c ele432project_vga
quartus_eda --read_settings_files=off --write_settings_files=off ele432project_vga -c ele432project_vga



